// Jest Snapshot v1, https://goo.gl/fbAQLP

exports[`<Footer /> renders the <Footer /> with populated data 1`] = `
<div
  class="footer__Container-sc-eh6b4z-0 bjISUr"
>
  <p
    class="footer__Title-sc-eh6b4z-4 dLPDHa"
  >
    Questions? Contact Us.
  </p>
  <div
    class="footer__Break-sc-eh6b4z-6 jiQmMZ"
  />
  <div
    class="footer__Row-sc-eh6b4z-2 jDlsgE"
  >
    <div
      class="footer__Column-sc-eh6b4z-1 dIxCTP"
    >
      <a
        class="footer__Link-sc-eh6b4z-3 iqjmuP"
      >
        FAQ
      </a>
      <a
        class="footer__Link-sc-eh6b4z-3 iqjmuP"
      >
        Investor Relations
      </a>
      <a
        class="footer__Link-sc-eh6b4z-3 iqjmuP"
      >
        Ways to Watch
      </a>
      <a
        class="footer__Link-sc-eh6b4z-3 iqjmuP"
      >
        Coporate Information
      </a>
      <a
        class="footer__Link-sc-eh6b4z-3 iqjmuP"
      >
        Netflix Originals
      </a>
    </div>
    <div
      class="footer__Column-sc-eh6b4z-1 dIxCTP"
    >
      <a
        class="footer__Link-sc-eh6b4z-3 iqjmuP"
      >
        Help Center
      </a>
      <a
        class="footer__Link-sc-eh6b4z-3 iqjmuP"
      >
        Jobs
      </a>
      <a
        class="footer__Link-sc-eh6b4z-3 iqjmuP"
      >
        Terms of Use
      </a>
      <a
        class="footer__Link-sc-eh6b4z-3 iqjmuP"
      >
        Contact Us
      </a>
    </div>
    <div
      class="footer__Column-sc-eh6b4z-1 dIxCTP"
    >
      <a
        class="footer__Link-sc-eh6b4z-3 iqjmuP"
      >
        Account
      </a>
      <a
        class="footer__Link-sc-eh6b4z-3 iqjmuP"
      >
        Redeem Gift Cards
      </a>
      <a
        class="footer__Link-sc-eh6b4z-3 iqjmuP"
      >
        Privacy
      </a>
      <a
        class="footer__Link-sc-eh6b4z-3 iqjmuP"
      >
        Speed Test
      </a>
    </div>
    <div
      class="footer__Column-sc-eh6b4z-1 dIxCTP"
    >
      <a
        class="footer__Link-sc-eh6b4z-3 iqjmuP"
      >
        Meida Center
      </a>
      <a
        class="footer__Link-sc-eh6b4z-3 iqjmuP"
      >
        Buy Gift Cards
      </a>
      <a
        class="footer__Link-sc-eh6b4z-3 iqjmuP"
      >
        Cookie Preferences
      </a>
      <a
        class="footer__Link-sc-eh6b4z-3 iqjmuP"
      >
        Legal Notices
      </a>
    </div>
  </div>
  <div
    class="footer__Break-sc-eh6b4z-6 jiQmMZ"
  />
  <p
    class="footer__Text-sc-eh6b4z-5 dsycrP"
  >
    Netflix United Kingdom
  </p>
</div>
`;
